// Jest Snapshot v1, https://goo.gl/fbAQLP

exports[`renders movie container success using Snapshots 1`] = `
<Movie
  averageDecimal="1"
  averageNumber="9"
  imageUrl="https://image.tmdb.org/t/p/w185/kqjL17yufvn9OVLyXYpvtyrFfak.jpg"
  onClick={[Function]}
  title="Spiderman"
  year="2016"
/>
`;
