// Jest Snapshot v1, https://goo.gl/fbAQLP

exports[`renders a ReviewComponent using Snapshots 1`] = `
<View
  style={
    Object {
      "marginBottom": 20,
      "marginHorizontal": 20,
    }
  }
>
  <Text
    style={
      Object {
        "fontSize": 20,
      }
    }
  >
    Antony Maciel
  </Text>
  <View
    accessible={true}
    isTVSelectable={true}
    onResponderGrant={[Function]}
    onResponderMove={[Function]}
    onResponderRelease={[Function]}
    onResponderTerminate={[Function]}
    onResponderTerminationRequest={[Function]}
    onStartShouldSetResponder={[Function]}
    style={
      Object {
        "opacity": 1,
      }
    }
  >
    <Text
      numberOfLines={5}
      style={
        Object {
          "color": "#696969",
          "fontSize": 15,
          "fontWeight": "500",
          "textDecorationLine": "none",
        }
      }
    >
      Great Movie!, always has amazing content  I love this movie
    </Text>
    <Text
      style={
        Object {
          "color": "#E91E63",
          "textAlign": "right",
          "textDecorationLine": "underline",
        }
      }
    >
      see 
      more
      ...
    </Text>
  </View>
</View>
`;
